// Jest Snapshot v1, https://goo.gl/fbAQLP

exports[`The DefaultNotFound component renders as expected matching snapshot 1`] = `
<h1
  className="mx-auto my-auto text-center text-3xl text-red-500 font-bold"
>
  Error, this page doesn't exist.
  <br />
   
  Try another one!.
</h1>
`;
