// Jest Snapshot v1, https://goo.gl/fbAQLP

exports[`The Item component renders as expected matching snapshot 1`] = `
<div
  className="flex-col m-2"
  id=""
>
  <div
    className="py-5 px-2 sm:ml-4 shadow-lg"
  >
    <img
      alt=""
      className="himglist object-cover py-4 mx-auto"
      src=""
    />
  </div>
  <div
    className="py-5 px-2 sm:ml-4 shadow-lg"
  >
    <div
      className="font-semibold bg-gray-200 p-2 flex justify-between"
    >
      <div
        className="p-2 uppercase text-lg"
      >
        
      </div>
      <div
        className="flex"
      >
        <div
          className="p-2 border text-blue-400 transform hover:scale-110"
        >
          <a
            href="//"
            onClick={[Function]}
          >
            Details
          </a>
        </div>
      </div>
    </div>
    <div
      className="mt-2 text-gray-800 p-2"
    >
      <span
        className="font-semibold"
      >
        Material: 
      </span>
       
      Foam
    </div>
    <div
      className="mt-2 text-gray-800 bg-gray-200 p-2"
    >
      <p
        className="font-semibold"
      >
        Brand:
        <span
          className="font-normal"
        >
          
        </span>
      </p>
    </div>
    <div
      className="mt-2 text-gray-800 p-2"
    >
      <p
        className="font-semibold"
      >
        Price: $
        <span
          className="font-normal"
        >
          
        </span>
      </p>
    </div>
    <div
      className="mt-2 text-gray-800 bg-gray-200 p-2"
    >
      <p
        className="font-semibold"
      >
        Shipping:
        <span
          className="font-normal"
        >
           Yes
        </span>
      </p>
    </div>
  </div>
</div>
`;
