// Jest Snapshot v1, https://goo.gl/fbAQLP

exports[`The Lifestyle component renders as expected matching snapshot 1`] = `
<div
  className="w-screen p-4 shadow"
>
  <iframe
    allow="accelerometer; autoplay; clipboard-write; encrypted-media; gyroscope; picture-in-picture"
    allowFullScreen={true}
    frameBorder="0"
    height="100%"
    src="https://www.youtube.com/embed/gpPY-mqGXKs"
    title="Youtube video"
    width="100%"
  />
</div>
`;
